../Core/Inc/bno055_stm32.h:20:6:bno055_assignI2C	16	static
../Core/Inc/bno055_stm32.h:24:6:bno055_delay	16	static
../Core/Inc/bno055_stm32.h:32:6:bno055_writeData	40	static
../Core/Inc/bno055_stm32.h:96:6:bno055_readData	24	static
../Core/Src/main.c:190:5:main	80	static
../Core/Src/main.c:340:6:SystemClock_Config	88	static
../Core/Src/main.c:386:13:MX_I2C1_Init	8	static
../Core/Src/main.c:420:13:MX_I2C2_Init	8	static
../Core/Src/main.c:454:13:MX_TIM1_Init	56	static
../Core/Src/main.c:504:13:MX_TIM2_Init	32	static
../Core/Src/main.c:549:13:MX_TIM3_Init	32	static
../Core/Src/main.c:601:13:MX_TIM4_Init	48	static
../Core/Src/main.c:654:13:MX_USART1_UART_Init	8	static
../Core/Src/main.c:687:13:MX_GPIO_Init	40	static
../Core/Src/main.c:716:8:P_Controller	16	static
../Core/Src/main.c:723:6:HAL_TIM_IC_CaptureCallback	32	static
../Core/Src/main.c:798:6:HAL_TIM_PeriodElapsedCallback	24	static
../Core/Src/main.c:829:6:Error_Handler	4	static,ignoring_inline_asm
