11:29:23 **** Incremental Build of configuration Debug for project TermProject_Code ****
make -j8 all 
arm-none-eabi-gcc "../Core/Src/main.c" -mcpu=cortex-m4 -std=gnu11 -g3 -DDEBUG -DUSE_HAL_DRIVER -DSTM32F411xE -c -I../Core/Inc -I../Drivers/STM32F4xx_HAL_Driver/Inc -I../Drivers/STM32F4xx_HAL_Driver/Inc/Legacy -I../Drivers/CMSIS/Device/ST/STM32F4xx/Include -I../Drivers/CMSIS/Include -O0 -ffunction-sections -fdata-sections -Wall -fstack-usage -fcyclomatic-complexity -MMD -MP -MF"Core/Src/main.d" -MT"Core/Src/main.o" --specs=nano.specs -mfpu=fpv4-sp-d16 -mfloat-abi=hard -mthumb -o "Core/Src/main.o"
In file included from ../Core/Src/main.c:29:
../Core/Inc/pid.h:93: warning: ignoring '#pragma diag_suppress ' [-Wunknown-pragmas]
   93 |         #pragma diag_suppress 177     /* Disable 'unused function' warning */
      | 
../Core/Src/main.c: In function 'main':
../Core/Src/main.c:280:19: warning: implicit declaration of function 'exit' [-Wimplicit-function-declaration]
  280 |                   exit(0);
      |                   ^~~~
../Core/Src/main.c:31:1: note: include '<stdlib.h>' or provide a declaration of 'exit'
   30 | #include "motor_driver.h"
  +++ |+#include <stdlib.h>
   31 | 
../Core/Src/main.c:280:19: warning: incompatible implicit declaration of built-in function 'exit' [-Wbuiltin-declaration-mismatch]
  280 |                   exit(0);
      |                   ^~~~
../Core/Src/main.c:280:19: note: include '<stdlib.h>' or provide a declaration of 'exit'
arm-none-eabi-gcc -o "TermProject_Code.elf" @"objects.list"   -mcpu=cortex-m4 -T"C:\Users\magoo\OneDrive\Documents\GitHub\ME_507_TermProject\TermProject_Code\STM32F411CEUX_FLASH.ld" --specs=nosys.specs -Wl,-Map="TermProject_Code.map" -Wl,--gc-sections -static --specs=nano.specs -mfpu=fpv4-sp-d16 -mfloat-abi=hard -mthumb -Wl,--start-group -lc -lm -Wl,--end-group
Finished building target: TermProject_Code.elf
 
arm-none-eabi-size  TermProject_Code.elf 
arm-none-eabi-objdump -h -S TermProject_Code.elf  > "TermProject_Code.list"
   text	   data	    bss	    dec	    hex	filename
  34544	    192	   2640	  37376	   9200	TermProject_Code.elf
Finished building: default.size.stdout
 
Finished building: TermProject_Code.list
 

11:29:25 Build Finished. 0 errors, 3 warnings. (took 1s.740ms)

